// Jest Snapshot v1, https://goo.gl/fbAQLP

exports[`Badge render 1`] = `
<span
  className="badge text-white text-center"
>
  <p>
    3
  </p>
</span>
`;
