// Jest Snapshot v1, https://goo.gl/fbAQLP

exports[`PreviewFunction should return a span 1`] = `
<span
  className="function-signature"
>
  <span
    className="function-name"
  >
    undefined
  </span>
  <span
    className="paren"
  >
    (
  </span>
  <span
    className="paren"
  >
    )
  </span>
</span>
`;
