// Jest Snapshot v1, https://goo.gl/fbAQLP

exports[`PreviewFunction should return a span 1`] = `
ShallowWrapper {
  "complexSelector": ComplexSelector {
    "buildPredicate": [Function],
    "childrenOfNode": [Function],
    "findWhereUnwrapped": [Function],
  },
  "length": 1,
  "node": <span
    className="function-signature"
>
    <span
        className="function-name"
    >
        undefined
    </span>
    <span
        className="paren"
    >
        (
    </span>
    <span
        className="paren"
    >
        )
    </span>
</span>,
  "nodes": Array [
    <span
      className="function-signature"
>
      <span
            className="function-name"
      >
            undefined
      </span>
      <span
            className="paren"
      >
            (
      </span>
      <span
            className="paren"
      >
            )
      </span>
</span>,
  ],
  "options": Object {},
  "renderer": ReactShallowRenderer {
    "_instance": ShallowComponentWrapper {
      "_calledComponentWillUnmount": false,
      "_compositeType": 0,
      "_context": Object {},
      "_currentElement": <PreviewFunction
        func={Object {}}
/>,
      "_debugID": 1,
      "_hostContainerInfo": null,
      "_hostParent": null,
      "_instance": PreviewFunction {
        "_reactInternalInstance": [Circular],
        "context": Object {},
        "props": Object {
          "func": Object {},
        },
        "refs": Object {},
        "state": null,
        "updater": Object {
          "enqueueCallback": [Function],
          "enqueueCallbackInternal": [Function],
          "enqueueElementInternal": [Function],
          "enqueueForceUpdate": [Function],
          "enqueueReplaceState": [Function],
          "enqueueSetState": [Function],
          "isMounted": [Function],
          "validateCallback": [Function],
        },
      },
      "_mountOrder": 1,
      "_pendingCallbacks": null,
      "_pendingElement": null,
      "_pendingForceUpdate": false,
      "_pendingReplaceState": false,
      "_pendingStateQueue": null,
      "_renderedComponent": NoopInternalComponent {
        "_currentElement": <span
          className="function-signature"
>
          <span
                    className="function-name"
          >
                    undefined
          </span>
          <span
                    className="paren"
          >
                    (
          </span>
          <span
                    className="paren"
          >
                    )
          </span>
</span>,
        "_debugID": 2,
        "_renderedOutput": <span
          className="function-signature"
>
          <span
                    className="function-name"
          >
                    undefined
          </span>
          <span
                    className="paren"
          >
                    (
          </span>
          <span
                    className="paren"
          >
                    )
          </span>
</span>,
      },
      "_renderedNodeType": 0,
      "_rootNodeID": 0,
      "_topLevelWrapper": null,
      "_updateBatchNumber": null,
      "_warnedAboutRefsInRender": false,
    },
    "getRenderOutput": [Function],
    "render": [Function],
  },
  "root": [Circular],
  "unrendered": <PreviewFunction
    func={Object {}}
/>,
}
`;
