// Jest Snapshot v1, https://goo.gl/fbAQLP

exports[`promises utils function makeNodesForPromiseProperties 1`] = `
Array [
  Object {
    "contents": Object {
      "value": "rejected",
    },
    "meta": undefined,
    "name": "<state>",
    "parent": Object {
      "contents": Object {
        "value": Object {
          "actor": "server2.conn2.child1/pausedobj36",
          "class": "Promise",
          "promiseState": Object {
            "reason": Object {
              "type": "3",
            },
            "state": "rejected",
          },
          "type": "object",
        },
      },
      "path": "root",
    },
    "path": Symbol(root/<state>),
    "type": Symbol(<state>),
  },
  Object {
    "contents": Object {
      "value": Object {
        "type": "3",
      },
    },
    "meta": undefined,
    "name": "<reason>",
    "parent": Object {
      "contents": Object {
        "value": Object {
          "actor": "server2.conn2.child1/pausedobj36",
          "class": "Promise",
          "promiseState": Object {
            "reason": Object {
              "type": "3",
            },
            "state": "rejected",
          },
          "type": "object",
        },
      },
      "path": "root",
    },
    "path": Symbol(root/<reason>),
    "type": Symbol(<reason>),
  },
]
`;
