// Jest Snapshot v1, https://goo.gl/fbAQLP

exports[`sources tree collapseTree can collapse a single source 1`] = `
" - root path= 
  - example.com path=/example.com 
    - a/b path=/example.com/a/b 
      - c.js path=/example.com/a/b/c.js source_id=undefined 
"
`;

exports[`sources tree collapseTree correctly merges in a collapsed source with a deeper level 1`] = `
" - root path= 
  - example.com path=/example.com 
    - a/b path=/example.com/a/b 
      - c/d path=/example.com/a/b/c/d 
        - e.js path=/example.com/a/b/c/d/e.js source_id=undefined 
      - c.js path=/example.com/a/b/c.js source_id=undefined 
"
`;

exports[`sources tree collapseTree correctly merges in a collapsed source with a shallower level 1`] = `
" - root path= 
  - example.com path=/example.com 
    - a/b path=/example.com/a/b 
      - c.js path=/example.com/a/b/c.js source_id=undefined 
      - x.js path=/example.com/a/b/x.js source_id=undefined 
"
`;

exports[`sources tree collapseTree correctly merges in a collapsed source with the same level 1`] = `
" - root path= 
  - example.com path=/example.com 
    - a/b path=/example.com/a/b 
      - c/d path=/example.com/a/b/c/d 
        - e.js path=/example.com/a/b/c/d/e.js source_id=undefined 
      - c.js path=/example.com/a/b/c.js source_id=undefined 
"
`;
