// Jest Snapshot v1, https://goo.gl/fbAQLP

exports[`getEmptyLines allSymbols 1`] = `
Array [
  2,
  6,
  8,
  18,
  21,
  26,
  31,
  32,
]
`;
