// Jest Snapshot v1, https://goo.gl/fbAQLP

exports[`Group displays a group 1`] = `
<div
  className="frames-group"
  onContextMenu={[Function]}
>
  <li
    className="group"
    onClick={[Function]}
    tabIndex={0}
  >
    <div
      className="title"
    >
      foo
    </div>
    <FrameLocation
      frame={
        Object {
          "displayName": "foo",
        }
      }
    />
  </li>
</div>
`;
