// Jest Snapshot v1, https://goo.gl/fbAQLP

exports[`SearchBar should render 1`] = `
ShallowWrapper {
  "complexSelector": ComplexSelector {
    "buildPredicate": [Function],
    "childrenOfNode": [Function],
    "findWhereUnwrapped": [Function],
  },
  "length": 1,
  "node": <div
    className="search-bar"
>
    <SearchInput
        count={undefined}
        handleClose={[Function]}
        handleNext={[Function]}
        handlePrev={[Function]}
        onChange={[Function]}
        onKeyUp={[Function]}
        placeholder="Search in file…"
        query=""
        size=""
        summaryMsg=""
    />
    <div
        className="search-bottom-bar"
    >
        <div
            className="search-modifiers"
        >
            <button
                className="regex-match-btn"
                onClick={[Function]}
                title="Regex"
            >
                <InlineSVG
                    className="regex-match"
                    element="i"
                    raw={false}
                    src="<svg></svg>"
                />
            </button>
            <button
                className="case-sensitive-btn"
                onClick={[Function]}
                title="Case sensitive"
            >
                <InlineSVG
                    className="case-match"
                    element="i"
                    raw={false}
                    src="<svg></svg>"
                />
            </button>
            <button
                className="whole-word-btn"
                onClick={[Function]}
                title="Whole word"
            >
                <InlineSVG
                    className="whole-word-match"
                    element="i"
                    raw={false}
                    src="<svg></svg>"
                />
            </button>
        </div>
    </div>
</div>,
  "nodes": Array [
    <div
      className="search-bar"
>
      <SearchInput
            count={undefined}
            handleClose={[Function]}
            handleNext={[Function]}
            handlePrev={[Function]}
            onChange={[Function]}
            onKeyUp={[Function]}
            placeholder="Search in file…"
            query=""
            size=""
            summaryMsg=""
      />
      <div
            className="search-bottom-bar"
      >
            <div
                  className="search-modifiers"
            >
                  <button
                        className="regex-match-btn"
                        onClick={[Function]}
                        title="Regex"
                  >
                        <InlineSVG
                              className="regex-match"
                              element="i"
                              raw={false}
                              src="<svg></svg>"
                        />
                  </button>
                  <button
                        className="case-sensitive-btn"
                        onClick={[Function]}
                        title="Case sensitive"
                  >
                        <InlineSVG
                              className="case-match"
                              element="i"
                              raw={false}
                              src="<svg></svg>"
                        />
                  </button>
                  <button
                        className="whole-word-btn"
                        onClick={[Function]}
                        title="Whole word"
                  >
                        <InlineSVG
                              className="whole-word-match"
                              element="i"
                              raw={false}
                              src="<svg></svg>"
                        />
                  </button>
            </div>
      </div>
</div>,
  ],
  "options": Object {},
  "renderer": ReactShallowRenderer {
    "_instance": ShallowComponentWrapper {
      "_calledComponentWillUnmount": false,
      "_compositeType": 0,
      "_context": Object {},
      "_currentElement": <SearchBar
        query=""
        searchOn={true}
        searchResults={Object {}}
        selectedResultIndex={0}
        selectedSymbolType="functions"
        symbolSearchOn={true}
        symbolSearchResults={Array []}
/>,
      "_debugID": 1,
      "_hostContainerInfo": null,
      "_hostParent": null,
      "_instance": SearchBar {
        "_reactInternalInstance": [Circular],
        "buildSummaryMsg": [Function],
        "clearSearch": [Function],
        "closeSearch": [Function],
        "context": Object {
          "shortcuts": undefined,
        },
        "doSearch": [Function],
        "onChange": [Function],
        "onEscape": [Function],
        "onKeyUp": [Function],
        "props": Object {
          "query": "",
          "searchOn": true,
          "searchResults": Object {},
          "selectedResultIndex": 0,
          "selectedSymbolType": "functions",
          "symbolSearchOn": true,
          "symbolSearchResults": Array [],
        },
        "refs": Object {},
        "renderSearchModifiers": [Function],
        "searchContents": [Function],
        "searchInput": [Function],
        "selectSearchInput": [Function],
        "setSearchValue": [Function],
        "state": Object {
          "count": 0,
          "index": -1,
          "selectedResultIndex": 0,
        },
        "toggleSearch": [Function],
        "traverseResults": [Function],
        "updater": Object {
          "enqueueCallback": [Function],
          "enqueueCallbackInternal": [Function],
          "enqueueElementInternal": [Function],
          "enqueueForceUpdate": [Function],
          "enqueueReplaceState": [Function],
          "enqueueSetState": [Function],
          "isMounted": [Function],
          "validateCallback": [Function],
        },
      },
      "_mountOrder": 1,
      "_pendingCallbacks": null,
      "_pendingElement": null,
      "_pendingForceUpdate": false,
      "_pendingReplaceState": false,
      "_pendingStateQueue": null,
      "_renderedComponent": Object {
        "_currentElement": <div
          className="search-bar"
>
          <SearchInput
                    count={undefined}
                    handleClose={[Function]}
                    handleNext={[Function]}
                    handlePrev={[Function]}
                    onChange={[Function]}
                    onKeyUp={[Function]}
                    placeholder="Search in file…"
                    query=""
                    size=""
                    summaryMsg=""
          />
          <div
                    className="search-bottom-bar"
          >
                    <div
                              className="search-modifiers"
                    >
                              <button
                                        className="regex-match-btn"
                                        onClick={[Function]}
                                        title="Regex"
                              >
                                        <InlineSVG
                                                  className="regex-match"
                                                  element="i"
                                                  raw={false}
                                                  src="<svg></svg>"
                                        />
                              </button>
                              <button
                                        className="case-sensitive-btn"
                                        onClick={[Function]}
                                        title="Case sensitive"
                              >
                                        <InlineSVG
                                                  className="case-match"
                                                  element="i"
                                                  raw={false}
                                                  src="<svg></svg>"
                                        />
                              </button>
                              <button
                                        className="whole-word-btn"
                                        onClick={[Function]}
                                        title="Whole word"
                              >
                                        <InlineSVG
                                                  className="whole-word-match"
                                                  element="i"
                                                  raw={false}
                                                  src="<svg></svg>"
                                        />
                              </button>
                    </div>
          </div>
</div>,
        "_debugID": 2,
        "_renderedOutput": <div
          className="search-bar"
>
          <SearchInput
                    count={undefined}
                    handleClose={[Function]}
                    handleNext={[Function]}
                    handlePrev={[Function]}
                    onChange={[Function]}
                    onKeyUp={[Function]}
                    placeholder="Search in file…"
                    query=""
                    size=""
                    summaryMsg=""
          />
          <div
                    className="search-bottom-bar"
          >
                    <div
                              className="search-modifiers"
                    >
                              <button
                                        className="regex-match-btn"
                                        onClick={[Function]}
                                        title="Regex"
                              >
                                        <InlineSVG
                                                  className="regex-match"
                                                  element="i"
                                                  raw={false}
                                                  src="<svg></svg>"
                                        />
                              </button>
                              <button
                                        className="case-sensitive-btn"
                                        onClick={[Function]}
                                        title="Case sensitive"
                              >
                                        <InlineSVG
                                                  className="case-match"
                                                  element="i"
                                                  raw={false}
                                                  src="<svg></svg>"
                                        />
                              </button>
                              <button
                                        className="whole-word-btn"
                                        onClick={[Function]}
                                        title="Whole word"
                              >
                                        <InlineSVG
                                                  className="whole-word-match"
                                                  element="i"
                                                  raw={false}
                                                  src="<svg></svg>"
                                        />
                              </button>
                    </div>
          </div>
</div>,
      },
      "_renderedNodeType": 0,
      "_rootNodeID": 0,
      "_topLevelWrapper": null,
      "_updateBatchNumber": null,
      "_warnedAboutRefsInRender": false,
    },
    "getRenderOutput": [Function],
    "render": [Function],
  },
  "root": [Circular],
  "unrendered": <SearchBar
    query=""
    searchOn={true}
    searchResults={Object {}}
    selectedResultIndex={0}
    selectedSymbolType="functions"
    symbolSearchOn={true}
    symbolSearchResults={Array []}
/>,
}
`;
