// Jest Snapshot v1, https://goo.gl/fbAQLP

exports[`project search simple 1`] = `
Array [
  Object {
    "column": 11,
    "line": 2,
    "match": "foo",
    "text": "  function foo() {",
    "value": "  function foo() {",
  },
  Object {
    "column": 4,
    "line": 3,
    "match": "foo",
    "text": "    foo();",
    "value": "    foo();",
  },
]
`;
