// Jest Snapshot v1, https://goo.gl/fbAQLP

exports[`createPrettySource returns a pretty source for a minified file 1`] = `
Immutable.Map {
  url: "http://localhost:8000/examples/base.js:formatted",
  id: "base.js/originalSource-36c718d4bde9a75edb388ff7733efe7f",
  isPrettyPrinted: true,
  text: "undefined
  ",
  contentType: "text/javascript",
  frames: undefined,
  loadedState: "loaded",
}
`;
