// Jest Snapshot v1, https://goo.gl/fbAQLP

exports[`sources - pretty print returns a pretty source for a minified file 1`] = `
Object {
  "contentType": "text/javascript",
  "error": undefined,
  "id": "base.js/originalSource-36c718d4bde9a75edb388ff7733efe7f",
  "isBlackBoxed": false,
  "isPrettyPrinted": true,
  "isWasm": false,
  "loadedState": "loaded",
  "relativeUrl": "http://localhost:8000/examples/base.js:formatted",
  "sourceMapURL": undefined,
  "text": "undefined
",
  "thread": "",
  "url": "http://localhost:8000/examples/base.js:formatted",
}
`;
