// Jest Snapshot v1, https://goo.gl/fbAQLP

exports[`ObjectInspector - Proxy renders Proxy as expected 1`] = `
"
▼ Proxy
|  ▶︎ <target>: Object { … }
|  ▶︎ <handler>: Array(3) [ … ]
"
`;
